
> copy-of-copy-of-click-opticx-isp-app-live@0.0.0 build
> vite build

[36mvite v6.4.1 [32mbuilding for production...[36m[39m
transforming...
npm : [33m[plugin vite:esbuild] db.ts: [33mDuplicate member "addPackage" in class body[33m
At line:1 char:1
+ npm run build 2>&1 | Out-File -Encoding utf8 build_output.txt; Get-Co ...
+ ~~~~~~~~~~~~~~~~~~
    + CategoryInfo          : NotSpecified: ([33m[plugin vi...class body[33m:String) [], RemoteException
    + FullyQualifiedErrorId : NativeCommandError
 
1434|    async approvePackageRequest(id: string) { const idx = this.state.packageRequests.findIndex(r => r.id === id); 
if (idx !== -1) { const req = this.state.packageRequests[idx]; req.status = 'Approved'; await 
this.activatePackage(req.userId, req.packageId); await this.commit(); } }
1435|    async rejectPackageRequest(id: string) { const idx = this.state.packageRequests.findIndex(r => r.id === id); 
if (idx !== -1) { this.state.packageRequests[idx].status = 'Rejected'; await this.commit(); } }
1436|    async addPackage(pkg: any) { this.state.packages.push({ ...pkg, id: pkg.id || 'PKG_' + Date.now() }); await 
this.commit(); }
   |          ^
1437|    async updatePackage(id: string, updates: any) { const idx = this.state.packages.findIndex(p => p.id === id); 
if (idx !== -1) { this.state.packages[idx] = { ...this.state.packages[idx], ...updates }; await this.commit(); } }
1438|    async uploadMedia(path: string, base64: string): Promise<string> {
[39m
[33m[plugin vite:esbuild] db.ts: [33mDuplicate member "updatePackage" in class body[33m
1435|    async rejectPackageRequest(id: string) { const idx = this.state.packageRequests.findIndex(r => r.id === id); 
if (idx !== -1) { this.state.packageRequests[idx].status = 'Rejected'; await this.commit(); } }
1436|    async addPackage(pkg: any) { this.state.packages.push({ ...pkg, id: pkg.id || 'PKG_' + Date.now() }); await 
this.commit(); }
1437|    async updatePackage(id: string, updates: any) { const idx = this.state.packages.findIndex(p => p.id === id); 
if (idx !== -1) { this.state.packages[idx] = { ...this.state.packages[idx], ...updates }; await this.commit(); } }
   |          ^
1438|    async uploadMedia(path: string, base64: string): Promise<string> {
1439|      // For now, simulate upload by returning the base64 data URL
[39m
[32mΓ£ô[39m 2753 modules transformed.
rendering chunks...
[33m[plugin vite:reporter] 
(!) G:/Development/Clik OPtics n/pages/MasterApprovalDashboard.tsx is dynamically imported by G:/Development/Clik 
OPtics n/lib/roleRouter.ts but also statically imported by G:/Development/Clik OPtics n/App.tsx, dynamic import will 
not move module into another chunk.
[39m
computing gzip size...
[2mdist/[22m[32mindex.html                                   [39m[1m[2m  9.90 kB[22m[1m[22m[2m Γöé gzip:   2.83 kB[22m
[2mdist/[22m[35massets/index-CCcJs9Mr.css                    [39m[1m[2m 11.79 kB[22m[1m[22m[2m Γöé gzip:   3.20 kB[22m
[2mdist/[22m[36massets/BarChart-DfSB4IHL.js                  [39m[1m[2m  0.32 kB[22m[1m[22m[2m Γöé gzip:   0.23 kB[22m
[2mdist/[22m[36massets/ConfirmDialog-j_j6VcVx.js             [39m[1m[2m  0.56 kB[22m[1m[22m[2m Γöé gzip:   0.33 kB[22m
[2mdist/[22m[36massets/client-B17sjuau.js                    [39m[1m[2m  0.83 kB[22m[1m[22m[2m Γöé gzip:   0.38 kB[22m
[2mdist/[22m[36massets/UIAtoms-aWnPh-z_.js                   [39m[1m[2m  2.08 kB[22m[1m[22m[2m Γöé gzip:   0.86 kB[22m
[2mdist/[22m[36massets/TableAndSlide-DlNtYe_W.js             [39m[1m[2m  2.13 kB[22m[1m[22m[2m Γöé gzip:   0.87 kB[22m
[2mdist/[22m[36massets/PasswordInput-gJy9zNxG.js             [39m[1m[2m  2.73 kB[22m[1m[22m[2m Γöé gzip:   1.16 kB[22m
[2mdist/[22m[36massets/ModuleGuide-oAYB6Cku.js               [39m[1m[2m  2.98 kB[22m[1m[22m[2m Γöé gzip:   1.15 kB[22m
[2mdist/[22m[36massets/CashSettings-CYAOw0Lk.js              [39m[1m[2m  4.21 kB[22m[1m[22m[2m Γöé gzip:   1.61 kB[22m
[2mdist/[22m[36massets/EasyPaisaSettings-26mCi9Ar.js         [39m[1m[2m  4.81 kB[22m[1m[22m[2m Γöé gzip:   1.68 kB[22m
[2mdist/[22m[36massets/HomeCollectionSettings-N0nGqiCe.js    [39m[1m[2m  4.91 kB[22m[1m[22m[2m Γöé gzip:   1.79 kB[22m
[2mdist/[22m[36massets/JazzCashSettings-CZdbLtJq.js          [39m[1m[2m  5.23 kB[22m[1m[22m[2m Γöé gzip:   1.72 kB[22m
[2mdist/[22m[36massets/FaceScanner-B-GGPdhr.js               [39m[1m[2m  5.79 kB[22m[1m[22m[2m Γöé gzip:   2.18 kB[22m
[2mdist/[22m[36massets/AdminLiveMonitoring-RxThFcHs.js       [39m[1m[2m  5.80 kB[22m[1m[22m[2m Γöé gzip:   1.70 kB[22m
[2mdist/[22m[36massets/SystemReadiness-DC9A7Q0N.js           [39m[1m[2m  5.88 kB[22m[1m[22m[2m Γöé gzip:   2.22 kB[22m
[2mdist/[22m[36massets/AdminPasswordRequests-BnX3zfA3.js     [39m[1m[2m  6.17 kB[22m[1m[22m[2m Γöé gzip:   1.81 kB[22m
[2mdist/[22m[36massets/SystemDiagnostic-HHZC5QKU.js          [39m[1m[2m  6.50 kB[22m[1m[22m[2m Γöé gzip:   2.15 kB[22m
[2mdist/[22m[36massets/SpeedTestPage-O4ocR5G0.js             [39m[1m[2m  6.72 kB[22m[1m[22m[2m Γöé gzip:   2.13 kB[22m
[2mdist/[22m[36massets/DashboardV2-B70ZVGHM.js               [39m[1m[2m  6.74 kB[22m[1m[22m[2m Γöé gzip:   2.54 kB[22m
[2mdist/[22m[36massets/BankTransferSettings-CVUGbZSG.js      [39m[1m[2m  6.78 kB[22m[1m[22m[2m Γöé gzip:   2.07 kB[22m
[2mdist/[22m[36massets/CartesianGrid-C4kitpXo.js             [39m[1m[2m  6.80 kB[22m[1m[22m[2m Γöé gzip:   2.38 kB[22m
[2mdist/[22m[36massets/StripeSettings-YbxoA3yO.js            [39m[1m[2m  6.80 kB[22m[1m[22m[2m Γöé gzip:   2.13 kB[22m
[2mdist/[22m[36massets/SuperAdmin-CHk8M4sO.js                [39m[1m[2m  6.94 kB[22m[1m[22m[2m Γöé gzip:   2.07 kB[22m
[2mdist/[22m[36massets/PayFastSettings-dT7vrLZB.js           [39m[1m[2m  7.19 kB[22m[1m[22m[2m Γöé gzip:   2.21 kB[22m
[2mdist/[22m[36massets/PayPalSettings-DUI21rHB.js            [39m[1m[2m  7.24 kB[22m[1m[22m[2m Γöé gzip:   2.29 kB[22m
[2mdist/[22m[36massets/TrashManagement-CIxn5klx.js           [39m[1m[2m  7.59 kB[22m[1m[22m[2m Γöé gzip:   2.42 kB[22m
[2mdist/[22m[36massets/PackageCard-yz5oK5FW.js               [39m[1m[2m  7.67 kB[22m[1m[22m[2m Γöé gzip:   2.35 kB[22m
[2mdist/[22m[36massets/FinanceDashboard-DfTWbfRN.js          [39m[1m[2m  7.71 kB[22m[1m[22m[2m Γöé gzip:   2.40 kB[22m
[2mdist/[22m[36massets/AdminUserDevices-CnrXc2Px.js          [39m[1m[2m  7.91 kB[22m[1m[22m[2m Γöé gzip:   2.45 kB[22m
[2mdist/[22m[36massets/VerifyEmail-8vnawUF6.js               [39m[1m[2m  7.99 kB[22m[1m[22m[2m Γöé gzip:   2.76 kB[22m
[2mdist/[22m[36massets/PastRecords-MdElN2p4.js               [39m[1m[2m  8.59 kB[22m[1m[22m[2m Γöé gzip:   2.89 kB[22m
[2mdist/[22m[36massets/CacheManagement-D0-J1YJc.js           [39m[1m[2m  9.02 kB[22m[1m[22m[2m Γöé gzip:   2.86 kB[22m
[2mdist/[22m[36massets/UserManagementV2-MbHhfe3u.js          [39m[1m[2m  9.08 kB[22m[1m[22m[2m Γöé gzip:   2.82 kB[22m
[2mdist/[22m[36massets/ArchivePage-DPF06iIf.js               [39m[1m[2m  9.32 kB[22m[1m[22m[2m Γöé gzip:   2.85 kB[22m
[2mdist/[22m[36massets/FiscalMonitor-DyNVRzl7.js             [39m[1m[2m  9.39 kB[22m[1m[22m[2m Γöé gzip:   2.67 kB[22m
[2mdist/[22m[36massets/NotificationAnalytics-qpTilfe-.js     [39m[1m[2m  9.66 kB[22m[1m[22m[2m Γöé gzip:   2.42 kB[22m
[2mdist/[22m[36massets/NetworkPlaneV2-Zvp90NeM.js            [39m[1m[2m  9.69 kB[22m[1m[22m[2m Γöé gzip:   3.13 kB[22m
[2mdist/[22m[36massets/NotificationControl-DQHDPxxP.js       [39m[1m[2m  9.71 kB[22m[1m[22m[2m Γöé gzip:   2.71 kB[22m
[2mdist/[22m[36massets/AIAgentWidget-CR3CjnUI.js             [39m[1m[2m 10.05 kB[22m[1m[22m[2m Γöé gzip:   2.91 kB[22m
[2mdist/[22m[36massets/SystemFlash-DaPAQia3.js               [39m[1m[2m 10.57 kB[22m[1m[22m[2m Γöé gzip:   3.14 kB[22m
[2mdist/[22m[36massets/EmergencyLoadAdmin-9t_Bm-u2.js        [39m[1m[2m 10.71 kB[22m[1m[22m[2m Γöé gzip:   3.03 kB[22m
[2mdist/[22m[36massets/DataImportPage-qog71T5J.js            [39m[1m[2m 10.88 kB[22m[1m[22m[2m Γöé gzip:   3.69 kB[22m
[2mdist/[22m[36massets/AreaChart-SmsHl8la.js                 [39m[1m[2m 10.99 kB[22m[1m[22m[2m Γöé gzip:   4.07 kB[22m
[2mdist/[22m[36massets/ReferralAdmin-Dwj5IOru.js             [39m[1m[2m 11.01 kB[22m[1m[22m[2m Γöé gzip:   3.12 kB[22m
[2mdist/[22m[36massets/AccountingLedger-C96nX2nb.js          [39m[1m[2m 11.05 kB[22m[1m[22m[2m Γöé gzip:   3.36 kB[22m
[2mdist/[22m[36massets/UserDeviceMapping-B46HXv3h.js         [39m[1m[2m 11.50 kB[22m[1m[22m[2m Γöé gzip:   3.05 kB[22m
[2mdist/[22m[36massets/CreditScoreAdmin-C3_sPD3W.js          [39m[1m[2m 12.11 kB[22m[1m[22m[2m Γöé gzip:   3.44 kB[22m
[2mdist/[22m[36massets/PaymentMethodsIndex-DbcZ8efI.js       [39m[1m[2m 12.18 kB[22m[1m[22m[2m Γöé gzip:   3.39 kB[22m
[2mdist/[22m[36massets/ResponseMapperConfig-Cw3Lc2Qb.js      [39m[1m[2m 12.19 kB[22m[1m[22m[2m Γöé gzip:   3.17 kB[22m
[2mdist/[22m[36massets/AdminProfile-IfbLjJk7.js              [39m[1m[2m 12.41 kB[22m[1m[22m[2m Γöé gzip:   3.50 kB[22m
[2mdist/[22m[36massets/AIAutomationV2-BwhCas8y.js            [39m[1m[2m 12.44 kB[22m[1m[22m[2m Γöé gzip:   3.69 kB[22m
[2mdist/[22m[36massets/SpeedTest-mFDz2lcz.js                 [39m[1m[2m 12.46 kB[22m[1m[22m[2m Γöé gzip:   3.44 kB[22m
[2mdist/[22m[36massets/CommCenterV2-DVkJOT1L.js              [39m[1m[2m 12.69 kB[22m[1m[22m[2m Γöé gzip:   3.46 kB[22m
[2mdist/[22m[36massets/SystemDeploymentCenter-B8Jv4dij.js    [39m[1m[2m 12.92 kB[22m[1m[22m[2m Γöé gzip:   3.47 kB[22m
[2mdist/[22m[36massets/WalletManagement-B06usc22.js          [39m[1m[2m 13.20 kB[22m[1m[22m[2m Γöé gzip:   3.58 kB[22m
[2mdist/[22m[36massets/AdminReminders-Db5_gLYq.js            [39m[1m[2m 13.26 kB[22m[1m[22m[2m Γöé gzip:   3.65 kB[22m
[2mdist/[22m[36massets/TaskManagement-dQt2t2WD.js            [39m[1m[2m 13.95 kB[22m[1m[22m[2m Γöé gzip:   4.03 kB[22m
[2mdist/[22m[36massets/HotspotManager-D4L6-7Nn.js            [39m[1m[2m 14.37 kB[22m[1m[22m[2m Γöé gzip:   3.47 kB[22m
[2mdist/[22m[36massets/AICallLogs-ByqR_-J_.js                [39m[1m[2m 14.69 kB[22m[1m[22m[2m Γöé gzip:   3.70 kB[22m
[2mdist/[22m[36massets/PremiumSpeedTest-B3NOLBKl.js          [39m[1m[2m 14.93 kB[22m[1m[22m[2m Γöé gzip:   4.85 kB[22m
[2mdist/[22m[36massets/DatabaseMonitor-BD4uvCKl.js           [39m[1m[2m 15.60 kB[22m[1m[22m[2m Γöé gzip:   4.34 kB[22m
[2mdist/[22m[36massets/InvoiceGenerator-D8v64Dyw.js          [39m[1m[2m 16.32 kB[22m[1m[22m[2m Γöé gzip:   4.37 kB[22m
[2mdist/[22m[36massets/MigrationDashboard-BwpUh6Qe.js        [39m[1m[2m 17.71 kB[22m[1m[22m[2m Γöé gzip:   4.87 kB[22m
[2mdist/[22m[36massets/PackagesPage-D9eaARHT.js              [39m[1m[2m 17.81 kB[22m[1m[22m[2m Γöé gzip:   4.36 kB[22m
[2mdist/[22m[36massets/UnifiedCommunication-D68Tj0Ss.js      [39m[1m[2m 18.29 kB[22m[1m[22m[2m Γöé gzip:   3.98 kB[22m
[2mdist/[22m[36massets/AboutUs-r4v23M3Y.js                   [39m[1m[2m 18.84 kB[22m[1m[22m[2m Γöé gzip:   4.04 kB[22m
[2mdist/[22m[36massets/SystemConfig-DrBvQIfr.js              [39m[1m[2m 19.56 kB[22m[1m[22m[2m Γöé gzip:   4.94 kB[22m
[2mdist/[22m[36massets/ProviderConfigPage-BpGdSF8F.js        [39m[1m[2m 19.60 kB[22m[1m[22m[2m Γöé gzip:   5.06 kB[22m
[2mdist/[22m[36massets/AICentralDashboard-BpZOHg99.js        [39m[1m[2m 19.68 kB[22m[1m[22m[2m Γöé gzip:   5.70 kB[22m
[2mdist/[22m[36massets/AICallingAdmin-CtoqX1uD.js            [39m[1m[2m 21.13 kB[22m[1m[22m[2m Γöé gzip:   5.49 kB[22m
[2mdist/[22m[36massets/TicketManagementAdmin-B8-pvnYx.js     [39m[1m[2m 21.83 kB[22m[1m[22m[2m Γöé gzip:   5.43 kB[22m
[2mdist/[22m[36massets/NASManagement-BqnhgIGt.js             [39m[1m[2m 21.86 kB[22m[1m[22m[2m Γöé gzip:   4.92 kB[22m
[2mdist/[22m[36massets/KYCManagement-O_fyQ2a0.js             [39m[1m[2m 22.14 kB[22m[1m[22m[2m Γöé gzip:   5.99 kB[22m
[2mdist/[22m[36massets/purify.es-CFh60W_8.js                 [39m[1m[2m 22.77 kB[22m[1m[22m[2m Γöé gzip:   8.79 kB[22m
[2mdist/[22m[36massets/UserAppManagement-B3LnVjZM.js         [39m[1m[2m 23.83 kB[22m[1m[22m[2m Γöé gzip:   5.81 kB[22m
[2mdist/[22m[36massets/FiscalHubV2-DwTmzPx2.js               [39m[1m[2m 24.52 kB[22m[1m[22m[2m Γöé gzip:   7.81 kB[22m
[2mdist/[22m[36massets/ResellerManagement-BEVULMxP.js        [39m[1m[2m 24.57 kB[22m[1m[22m[2m Γöé gzip:   5.83 kB[22m
[2mdist/[22m[36massets/RecoveryDashboard-DAToXQwc.js         [39m[1m[2m 26.68 kB[22m[1m[22m[2m Γöé gzip:   6.03 kB[22m
[2mdist/[22m[36massets/GovernanceDesk-Bdo2hVcl.js            [39m[1m[2m 26.91 kB[22m[1m[22m[2m Γöé gzip:   6.75 kB[22m
[2mdist/[22m[36massets/OLTManagement-Y52qxFVm.js             [39m[1m[2m 27.55 kB[22m[1m[22m[2m Γöé gzip:   6.13 kB[22m
[2mdist/[22m[36massets/CustomerPortal-DZzCOCGw.js            [39m[1m[2m 28.14 kB[22m[1m[22m[2m Γöé gzip:   6.85 kB[22m
[2mdist/[22m[36massets/NOCDashboard-BWzNfAm9.js              [39m[1m[2m 28.88 kB[22m[1m[22m[2m Γöé gzip:   5.99 kB[22m
[2mdist/[22m[36massets/EmailControlCenter-B991bNBY.js        [39m[1m[2m 30.09 kB[22m[1m[22m[2m Γöé gzip:   6.56 kB[22m
[2mdist/[22m[36massets/AIControlPlane-tyZqHNQz.js            [39m[1m[2m 30.43 kB[22m[1m[22m[2m Γöé gzip:   7.11 kB[22m
[2mdist/[22m[36massets/AuthControlCenter-D_pJ2bNz.js         [39m[1m[2m 30.60 kB[22m[1m[22m[2m Γöé gzip:   6.60 kB[22m
[2mdist/[22m[36massets/Login-Do7SyUOM.js                     [39m[1m[2m 31.19 kB[22m[1m[22m[2m Γöé gzip:   7.07 kB[22m
[2mdist/[22m[36massets/ConnectionSetupAdmin-RUrX2poW.js      [39m[1m[2m 35.02 kB[22m[1m[22m[2m Γöé gzip:   7.20 kB[22m
[2mdist/[22m[36massets/MultiCloudSync-BD3wDZEA.js            [39m[1m[2m 36.13 kB[22m[1m[22m[2m Γöé gzip:   8.56 kB[22m
[2mdist/[22m[36massets/vendor-socket-BIIei4U1.js             [39m[1m[2m 41.58 kB[22m[1m[22m[2m Γöé gzip:  13.01 kB[22m
[2mdist/[22m[36massets/BusinessSettings-CbJ6_JMm.js          [39m[1m[2m 43.85 kB[22m[1m[22m[2m Γöé gzip:   6.98 kB[22m
[2mdist/[22m[36massets/Dashboard-sicIr05k.js                 [39m[1m[2m 60.08 kB[22m[1m[22m[2m Γöé gzip:  15.63 kB[22m
[2mdist/[22m[36massets/Recovery--8bue7oo.js                  [39m[1m[2m 63.88 kB[22m[1m[22m[2m Γöé gzip:  13.13 kB[22m
[2mdist/[22m[36massets/UserManagement-DxNDI7ku.js            [39m[1m[2m 80.49 kB[22m[1m[22m[2m Γöé gzip:  16.20 kB[22m
[2mdist/[22m[36massets/vendor-icons-CCi_rzBv.js              [39m[1m[2m 91.34 kB[22m[1m[22m[2m Γöé gzip:  16.49 kB[22m
[2mdist/[22m[36massets/index.es-ByjzDP4T.js                  [39m[1m[2m159.58 kB[22m[1m[22m[2m Γöé gzip:  53.54 kB[22m
[2mdist/[22m[36massets/vendor-react-CLp4S5fD.js              [39m[1m[2m191.81 kB[22m[1m[22m[2m Γöé gzip:  61.18 kB[22m
[2mdist/[22m[36massets/vendor-firebase-U1J8zFQk.js           [39m[1m[2m317.70 kB[22m[1m[22m[2m Γöé gzip:  79.01 kB[22m
[2mdist/[22m[36massets/generateCategoricalChart-DuodmR8y.js  [39m[1m[2m348.70 kB[22m[1m[22m[2m Γöé gzip:  97.26 kB[22m
[2mdist/[22m[36massets/index-C-YQ_tZV.js                     [39m[1m[2m480.04 kB[22m[1m[22m[2m Γöé gzip: 119.71 kB[22m
[2mdist/[22m[36massets/SubscriberApp-Cs2wazQQ.js             [39m[1m[2m588.29 kB[22m[1m[22m[2m Γöé gzip: 122.84 kB[22m
[2mdist/[22m[36massets/InvoiceManagementAdmin-DZXUqNHF.js    [39m[1m[2m624.29 kB[22m[1m[22m[2m Γöé gzip: 183.58 kB[22m
[32mΓ£ô built in 26.31s[39m
